Loading captioning-bias records (retrieval pool, all images, no ground-truth filtering)...
10780 images in the pool.
170 Broden concepts (full vocabulary, no drop list applied).
Pool built/loaded: 10780 images.
[1/170] air_conditioner      saved=50 skipped_degenerate=0 (retrieved=50)
[2/170] airplane             saved=50 skipped_degenerate=0 (retrieved=50)
[3/170] apron                saved=50 skipped_degenerate=0 (retrieved=50)
[4/170] arm                  saved=50 skipped_degenerate=0 (retrieved=50)
[5/170] armchair             saved=50 skipped_degenerate=0 (retrieved=50)
[6/170] ashcan               saved=50 skipped_degenerate=0 (retrieved=50)
[7/170] awning               saved=50 skipped_degenerate=0 (retrieved=50)
[8/170] back                 saved=50 skipped_degenerate=0 (retrieved=50)
[9/170] back_pillow          saved=50 skipped_degenerate=0 (retrieved=50)
[10/170] bag                  saved=50 skipped_degenerate=0 (retrieved=50)
[11/170] balcony              saved=50 skipped_degenerate=0 (retrieved=50)
[12/170] bannister            saved=50 skipped_degenerate=0 (retrieved=50)
[13/170] base                 saved=50 skipped_degenerate=0 (retrieved=50)
[14/170] basket               saved=50 skipped_degenerate=0 (retrieved=50)
[15/170] bathroom_s           saved=50 skipped_degenerate=0 (retrieved=50)
[16/170] bathtub              saved=50 skipped_degenerate=0 (retrieved=50)
[17/170] beak                 saved=50 skipped_degenerate=0 (retrieved=50)
[18/170] bed                  saved=50 skipped_degenerate=0 (retrieved=50)
[19/170] bedclothes           saved=50 skipped_degenerate=0 (retrieved=50)
[20/170] bedroom_s            saved=50 skipped_degenerate=0 (retrieved=50)
[21/170] bench                saved=50 skipped_degenerate=0 (retrieved=50)
[22/170] bicycle              saved=50 skipped_degenerate=0 (retrieved=50)
[23/170] bird                 saved=50 skipped_degenerate=0 (retrieved=50)
[24/170] blackness            saved=50 skipped_degenerate=0 (retrieved=50)
[25/170] blind                saved=50 skipped_degenerate=0 (retrieved=50)
[26/170] blotchy              saved=50 skipped_degenerate=0 (retrieved=50)
[27/170] blueness             saved=50 skipped_degenerate=0 (retrieved=50)
[28/170] blurriness           saved=50 skipped_degenerate=0 (retrieved=50)
[29/170] board                saved=50 skipped_degenerate=0 (retrieved=50)
[30/170] body                 saved=50 skipped_degenerate=0 (retrieved=50)
[31/170] book                 saved=50 skipped_degenerate=0 (retrieved=50)
[32/170] bookcase             saved=50 skipped_degenerate=0 (retrieved=50)
[33/170] bottle               saved=50 skipped_degenerate=0 (retrieved=50)
[34/170] bowl                 saved=50 skipped_degenerate=0 (retrieved=50)
[35/170] box                  saved=50 skipped_degenerate=0 (retrieved=50)
[36/170] brick                saved=50 skipped_degenerate=0 (retrieved=50)
[37/170] bridge               saved=50 skipped_degenerate=0 (retrieved=50)
[38/170] bucket               saved=50 skipped_degenerate=0 (retrieved=50)
[39/170] building             saved=50 skipped_degenerate=0 (retrieved=50)
[40/170] bumper               saved=50 skipped_degenerate=0 (retrieved=50)
[41/170] bus                  saved=50 skipped_degenerate=0 (retrieved=50)
[42/170] bush                 saved=50 skipped_degenerate=0 (retrieved=50)
[43/170] cabinet              saved=50 skipped_degenerate=0 (retrieved=50)
[44/170] can                  saved=50 skipped_degenerate=0 (retrieved=50)
[45/170] candlestick          saved=50 skipped_degenerate=0 (retrieved=50)
[46/170] canopy               saved=50 skipped_degenerate=0 (retrieved=50)
[47/170] cap                  saved=50 skipped_degenerate=0 (retrieved=50)
[48/170] car                  saved=50 skipped_degenerate=0 (retrieved=50)
[49/170] cardboard            saved=50 skipped_degenerate=0 (retrieved=50)
[50/170] carpet               saved=50 skipped_degenerate=0 (retrieved=50)
[51/170] cat                  saved=50 skipped_degenerate=0 (retrieved=50)
[52/170] ceiling              saved=50 skipped_degenerate=0 (retrieved=50)
[53/170] ceramic              saved=50 skipped_degenerate=0 (retrieved=50)
[54/170] chain_wheel          saved=50 skipped_degenerate=0 (retrieved=50)
[55/170] chair                saved=50 skipped_degenerate=0 (retrieved=50)
[56/170] chandelier           saved=50 skipped_degenerate=0 (retrieved=50)
[57/170] chest_of_drawers     saved=50 skipped_degenerate=0 (retrieved=50)
[58/170] chimney              saved=50 skipped_degenerate=0 (retrieved=50)
[59/170] clock                saved=50 skipped_degenerate=0 (retrieved=50)
[60/170] coach                saved=50 skipped_degenerate=0 (retrieved=50)
[61/170] coffee_table         saved=50 skipped_degenerate=0 (retrieved=50)
[62/170] column               saved=50 skipped_degenerate=0 (retrieved=50)
[63/170] computer             saved=50 skipped_degenerate=0 (retrieved=50)
[64/170] concrete             saved=50 skipped_degenerate=0 (retrieved=50)
[65/170] counter              saved=50 skipped_degenerate=0 (retrieved=50)
[66/170] countertop           saved=50 skipped_degenerate=0 (retrieved=50)
[67/170] cow                  saved=50 skipped_degenerate=0 (retrieved=50)
[68/170] cup                  saved=50 skipped_degenerate=0 (retrieved=50)
[69/170] curtain              saved=50 skipped_degenerate=0 (retrieved=50)
[70/170] cushion              saved=50 skipped_degenerate=0 (retrieved=50)
[71/170] desk                 saved=50 skipped_degenerate=0 (retrieved=50)
[72/170] dining_room_s        saved=50 skipped_degenerate=0 (retrieved=50)
[73/170] dog                  saved=50 skipped_degenerate=0 (retrieved=50)
[74/170] door                 saved=50 skipped_degenerate=0 (retrieved=50)
[75/170] door_frame           saved=50 skipped_degenerate=0 (retrieved=50)
[76/170] doorframe            saved=50 skipped_degenerate=0 (retrieved=50)
[77/170] double_door          saved=50 skipped_degenerate=0 (retrieved=50)
[78/170] drawer               saved=50 skipped_degenerate=0 (retrieved=50)
[79/170] drinking_glass       saved=50 skipped_degenerate=0 (retrieved=50)
[80/170] ear                  saved=50 skipped_degenerate=0 (retrieved=50)
[81/170] earth                saved=50 skipped_degenerate=0 (retrieved=50)
[82/170] engine               saved=50 skipped_degenerate=0 (retrieved=50)
[83/170] exhaust_hood         saved=50 skipped_degenerate=0 (retrieved=50)
[84/170] eye                  saved=50 skipped_degenerate=0 (retrieved=50)
[85/170] eyebrow              saved=50 skipped_degenerate=0 (retrieved=50)
[86/170] fabric               saved=50 skipped_degenerate=0 (retrieved=50)
[87/170] fan                  saved=50 skipped_degenerate=0 (retrieved=50)
[88/170] faucet               saved=50 skipped_degenerate=0 (retrieved=50)
[89/170] fence                saved=50 skipped_degenerate=0 (retrieved=50)
[90/170] field                saved=50 skipped_degenerate=0 (retrieved=50)
[91/170] figurine             saved=50 skipped_degenerate=0 (retrieved=50)
[92/170] fireplace            saved=50 skipped_degenerate=0 (retrieved=50)
[93/170] flag                 saved=50 skipped_degenerate=0 (retrieved=50)
[94/170] floor                saved=50 skipped_degenerate=0 (retrieved=50)
[95/170] flower               saved=50 skipped_degenerate=0 (retrieved=50)
[96/170] flowerpot            saved=50 skipped_degenerate=0 (retrieved=50)
[97/170] fluorescent          saved=50 skipped_degenerate=0 (retrieved=50)
[98/170] food                 saved=50 skipped_degenerate=0 (retrieved=50)
[99/170] foot                 saved=50 skipped_degenerate=0 (retrieved=50)
[100/170] footboard            saved=50 skipped_degenerate=0 (retrieved=50)
[101/170] frame                saved=50 skipped_degenerate=0 (retrieved=50)
[102/170] glass                saved=50 skipped_degenerate=0 (retrieved=50)
[103/170] granite              saved=50 skipped_degenerate=0 (retrieved=50)
[104/170] grass                saved=50 skipped_degenerate=0 (retrieved=50)
[105/170] greenness            saved=50 skipped_degenerate=0 (retrieved=50)
[106/170] ground               saved=50 skipped_degenerate=0 (retrieved=50)
[107/170] hair                 saved=50 skipped_degenerate=0 (retrieved=50)
[108/170] hand                 saved=50 skipped_degenerate=0 (retrieved=50)
[109/170] handle               saved=50 skipped_degenerate=0 (retrieved=50)
[110/170] handle_bar           saved=50 skipped_degenerate=0 (retrieved=50)
[111/170] head                 saved=50 skipped_degenerate=0 (retrieved=50)
[112/170] headboard            saved=50 skipped_degenerate=0 (retrieved=50)
[113/170] headlight            saved=50 skipped_degenerate=0 (retrieved=50)
[114/170] hill                 saved=50 skipped_degenerate=0 (retrieved=50)
[115/170] horse                saved=50 skipped_degenerate=0 (retrieved=50)
[116/170] house                saved=50 skipped_degenerate=0 (retrieved=50)
[117/170] inside_arm           saved=50 skipped_degenerate=0 (retrieved=50)
[118/170] jar                  saved=50 skipped_degenerate=0 (retrieved=50)
[119/170] keyboard             saved=50 skipped_degenerate=0 (retrieved=50)
[120/170] knob                 saved=50 skipped_degenerate=0 (retrieved=50)
[121/170] laminate             saved=50 skipped_degenerate=0 (retrieved=50)
[122/170] lamp                 saved=50 skipped_degenerate=0 (retrieved=50)
[123/170] leather              saved=50 skipped_degenerate=0 (retrieved=50)
[124/170] leg                  saved=50 skipped_degenerate=0 (retrieved=50)
[125/170] lid                  saved=50 skipped_degenerate=0 (retrieved=50)
[126/170] light                saved=50 skipped_degenerate=0 (retrieved=50)
[127/170] loudspeaker          saved=50 skipped_degenerate=0 (retrieved=50)
[128/170] manhole              saved=50 skipped_degenerate=0 (retrieved=50)
[129/170] metal                saved=50 skipped_degenerate=0 (retrieved=50)
[130/170] microwave            saved=50 skipped_degenerate=0 (retrieved=50)
[131/170] minibike             saved=50 skipped_degenerate=0 (retrieved=50)
[132/170] mirror               saved=50 skipped_degenerate=0 (retrieved=50)
[133/170] motorbike            saved=50 skipped_degenerate=0 (retrieved=50)
[134/170] mountain             saved=50 skipped_degenerate=0 (retrieved=50)
[135/170] mouse                saved=50 skipped_degenerate=0 (retrieved=50)
[136/170] mouth                saved=50 skipped_degenerate=0 (retrieved=50)
[137/170] muzzle               saved=50 skipped_degenerate=0 (retrieved=50)
[138/170] napkin               saved=50 skipped_degenerate=0 (retrieved=50)
[139/170] neck                 saved=50 skipped_degenerate=0 (retrieved=50)
[140/170] nose                 saved=50 skipped_degenerate=0 (retrieved=50)
[141/170] ottoman              saved=50 skipped_degenerate=0 (retrieved=50)
[142/170] outside_arm          saved=50 skipped_degenerate=0 (retrieved=50)
[143/170] oven                 saved=50 skipped_degenerate=0 (retrieved=50)
[144/170] pack                 saved=50 skipped_degenerate=0 (retrieved=50)
[145/170] painted              saved=50 skipped_degenerate=0 (retrieved=50)
[146/170] painting             saved=50 skipped_degenerate=0 (retrieved=50)
[147/170] palm                 saved=50 skipped_degenerate=0 (retrieved=50)
[148/170] pane                 saved=50 skipped_degenerate=0 (retrieved=50)
[149/170] paper                saved=50 skipped_degenerate=0 (retrieved=50)
[150/170] path                 saved=50 skipped_degenerate=0 (retrieved=50)
[151/170] paw                  saved=50 skipped_degenerate=0 (retrieved=50)
[152/170] pedestal             saved=50 skipped_degenerate=0 (retrieved=50)
[153/170] person               saved=50 skipped_degenerate=0 (retrieved=50)
[154/170] pillar               saved=50 skipped_degenerate=0 (retrieved=50)
[155/170] pillow               saved=50 skipped_degenerate=0 (retrieved=50)
[156/170] pipe                 saved=50 skipped_degenerate=0 (retrieved=50)
[157/170] plant                saved=50 skipped_degenerate=0 (retrieved=50)
[158/170] plate                saved=50 skipped_degenerate=0 (retrieved=50)
[159/170] polka_dots           saved=50 skipped_degenerate=0 (retrieved=50)
[160/170] redness              saved=50 skipped_degenerate=0 (retrieved=50)
[161/170] refrigerator         saved=50 skipped_degenerate=0 (retrieved=50)
[162/170] sand                 saved=50 skipped_degenerate=0 (retrieved=50)
[163/170] snow                 saved=50 skipped_degenerate=0 (retrieved=50)
[164/170] sofa                 saved=50 skipped_degenerate=0 (retrieved=50)
[165/170] stairs               saved=50 skipped_degenerate=0 (retrieved=50)
[166/170] street_s             saved=50 skipped_degenerate=0 (retrieved=50)
[167/170] stripes              saved=50 skipped_degenerate=0 (retrieved=50)
[168/170] toilet               saved=50 skipped_degenerate=0 (retrieved=50)
[169/170] tree                 saved=50 skipped_degenerate=0 (retrieved=50)
[170/170] water                saved=50 skipped_degenerate=0 (retrieved=50)

8500 masked images saved. Manifest: results/captioning_bias_broden_masked_images_manifest.csv
